#nullable enable
namespace CodeLess.Interfaces.Tests
{
    public partial interface IAutoProperty_WriteOnly
    {
        string WriteOnly { set; }
    }
}