#nullable enable
namespace CodeLess.Interfaces.Tests
{
    public partial interface IAutoProperty_ReadOnly
    {
        int Age { get; }
    }
}