#nullable enable
namespace CodeLess.Interfaces.Tests
{
    public partial interface IAutoProperty_ReadWrite
    {
        string Name { get; set; }
    }
}