#nullable enable
namespace CodeLess.Interfaces.Tests
{
    public partial interface IExpressionBodiedProperty
    {
        string Description { get; }
    }
}