#nullable enable
using System.Collections.Generic;

namespace CodeLess.Interfaces.Tests
{
    public partial interface IGenericTypeProperty<T>
    {
        List<T> Items { get; set; }
    }
}