#nullable enable
namespace CodeLess.Interfaces.Tests
{
    public partial interface IInitOnlyProperty
    {
        string InitOnly { get; init; }
    }
}