#nullable enable
using System;

namespace CodeLess.Interfaces.Tests
{
    public partial interface IPropertyWithAttributes
    {
        [Obsolete]
        int Old { get; set; }
    }
}