#nullable enable
using System;

namespace CodeLess.Interfaces.Tests
{
    public partial interface IEventWithInitializerAndAttributes
    {
        [Obsolete]
        event EventHandler OnE;
    }
}