#nullable enable
using System;

namespace CodeLess.Interfaces.Tests
{
    public partial interface IExplicitEvent
    {
        event EventHandler Custom;
    }
}