#nullable enable
using System;

namespace CodeLess.Interfaces.Tests
{
    public partial interface IGenericClassEvent<T>
    {
        event Action<T> OnItem;
    }
}