#nullable enable
using System;

namespace CodeLess.Interfaces.Tests
{
    public partial interface IGenericEvent<T>
    {
        event EventHandler<T> OnGeneric;
    }
}