#nullable enable
using System;

namespace CodeLess.Interfaces.Tests
{
    public partial interface IInitializedEvent
    {
        event Action OnInit;
    }
}