#nullable enable
using System;

namespace CodeLess.Interfaces.Tests
{
    public partial interface IMultipleFieldEvents
    {
        event Action A, B, C;
    }
}