#nullable enable
namespace CodeLess.Interfaces.Tests
{
    public partial interface IAbstractClassWithTwoAbstractMethods
    {
        void Foo();
        int Bar(string input);
    }
}