#nullable enable
namespace CodeLess.Interfaces.Tests
{
    public partial interface IAddPublicMethodToInterface
    {
        string Hello();
    }
}