#nullable enable
namespace CodeLess.Interfaces.Tests
{
    public partial interface IMethodWithOutParameter
    {
        void GetValue(out int x);
    }
}