#nullable enable
namespace CodeLess.Interfaces.Tests
{
    public partial interface IMethodWithInParameter
    {
        void Process(in string s);
    }
}