#nullable enable
namespace CodeLess.Interfaces.Tests
{
    public partial interface IMethodWithRefParameter
    {
        void Swap(ref int a, ref int b);
    }
}