#nullable enable
namespace CodeLess.Interfaces.Tests
{
    public partial interface IMethodWithNullableStringParameter
    {
        string? Format(string? input);
    }
}